  fb: 800x600x24 cell 8x16 ui 1x, back ON  (1875 KiB/mode)
      back at 128 MiB, ends at 129 MiB, ceiling 168 MiB (the AP stacks)
  USB: HID keyboard live on slot 2
  settings: no NVMe, load skipped
  pmm: 180182/180182 pages free in [320, 1024) MiB
  <- physical allocator reserved floor, owner mismatch, double-free and zero/reuse passed; baseline restored
  arena: 16 MiB at 14 MiB, ends at 30 MiB, ceiling 128 MiB (bg_buf)
  heap: 64 MiB at 256 MiB, ends at 320 MiB
  vmm: paging is off on this build - identity, by construction
  fb: 1920x1200x32 cell 8x16 ui 1x, back ON  (9000 KiB/mode)
      back at 128 MiB, ends at 136 MiB, ceiling 168 MiB (the AP stacks)
wm:lifecycle v=1 event=open slot=0 app=0 generation=1 live=1
wm:lifecycle v=1 event=open slot=1 app=13 generation=1 live=2
wm:lifecycle v=1 event=open slot=2 app=1 generation=1 live=3
  fb: wallpaper cached RGB565, 4500 KiB; 11884 KiB left in the arena
  [ INFO ] no Intel GPU on the bus - vblank pacing unavailable here
  compositor: 3 windows, shell client 198,84 594x317
  wm: win 0 title 198,56 594x28 client 198,84 594x317
  wm: win 1 title 280,332 666x28 client 280,360 666x301
  wm: win 2 title 800,60 418x28 client 800,88 418x325
  zlOS starting

  [  OK  ] multiboot handoff, 32-bit protected mode
  [  OK  ] stack established, 256 KiB
  [  OK  ] COM1 initialised, 115200 8N1
  [  OK  ] framebuffer console, 240x75
  [  OK  ] GDT loaded - flat 4 GiB code and data segments
  [  OK  ] IDT installed, PIC remapped, interrupts ON
  [  OK  ] APIC: IRQs via I/O APIC at 0xFEC00000, 4 CPU(s)
  [  OK  ] PIT timer running at 100 Hz on IRQ0
  [  OK  ] keyboard on IRQ1 - no more polling the port
  [ INFO ] persistent boot observer - RAM only; no exact ZLLOG target
  ring 3: u31 <- from ring 3 via int 0x80, 5 syscalls, returned to ring 0
  network driver: Intel e1000e/I219 device 0x100E
  network: link ready, DHCP started
  [  OK  ] zl runtime, kernel subset
  [ INFO ] heap online, zlfs mounts on demand, scheduler opt-in
  app-manifest: schema=1 entries=64 sha256=2fee3e7aefb880268d21b0a0ce41398af94ccf3612ab357c54adc1ea3a529562
  build-identity: schema=1 id=eab23af1a93b232414246cc7f259a8c77782c37223c7da62a2bf7625b91eaa08
  build-source: head=3777678c0247862177eceb1c4f35e2402839d029 dirty=1

  ready.
  press h for help, q to halt

zlOS 0.3
one system, one language

system ready
type h for commands
zl> wm:lifecycle v=1 event=ready slot=1 app=13 generation=1 live=3
wm:lifecycle v=1 event=ready slot=2 app=1 generation=1 live=3
wm:lifecycle v=1 event=ready slot=0 app=0 generation=1 live=3
paint
wm:lifecycle v=1 event=open slot=3 app=8 generation=1 live=4
  wm: win 3 title 24,230 274x28 client 24,258 274x109
zl> wm:lifecycle v=1 event=ready slot=3 app=8 generation=1 live=4
